  Determining projects to restore...
  All projects are up-to-date for restore.
C:\Program Files\dotnet\sdk\10.0.103\Microsoft.Common.CurrentVersion.targets(5381,5): warning MSB3026: Could not copy "D:\231A290063_HĂ  Quang Huy_GamingGear\GamingGearBackend\obj\Debug\net10.0\apphost.exe" to "bin\Debug\net10.0\GamingGearBackend.exe". Beginning retry 1 in 1000ms. The process cannot access the file 'D:\231A290063_HĂ  Quang Huy_GamingGear\GamingGearBackend\bin\Debug\net10.0\GamingGearBackend.exe' because it is being used by another process. The file is locked by: "GamingGearBackend (11176)" [D:\231A290063_HĂ  Quang Huy_GamingGear\GamingGearBackend\GamingGearBackend.csproj]
C:\Program Files\dotnet\sdk\10.0.103\Microsoft.Common.CurrentVersion.targets(5381,5): warning MSB3026: Could not copy "D:\231A290063_HĂ  Quang Huy_GamingGear\GamingGearBackend\obj\Debug\net10.0\apphost.exe" to "bin\Debug\net10.0\GamingGearBackend.exe". Beginning retry 2 in 1000ms. The process cannot access the file 'D:\231A290063_HĂ  Quang Huy_GamingGear\GamingGearBackend\bin\Debug\net10.0\GamingGearBackend.exe' because it is being used by another process. The file is locked by: "GamingGearBackend (11176)" [D:\231A290063_HĂ  Quang Huy_GamingGear\GamingGearBackend\GamingGearBackend.csproj]
C:\Program Files\dotnet\sdk\10.0.103\Microsoft.Common.CurrentVersion.targets(5381,5): warning MSB3026: Could not copy "D:\231A290063_HĂ  Quang Huy_GamingGear\GamingGearBackend\obj\Debug\net10.0\apphost.exe" to "bin\Debug\net10.0\GamingGearBackend.exe". Beginning retry 3 in 1000ms. The process cannot access the file 'D:\231A290063_HĂ  Quang Huy_GamingGear\GamingGearBackend\bin\Debug\net10.0\GamingGearBackend.exe' because it is being used by another process. The file is locked by: "GamingGearBackend (11176)" [D:\231A290063_HĂ  Quang Huy_GamingGear\GamingGearBackend\GamingGearBackend.csproj]
C:\Program Files\dotnet\sdk\10.0.103\Microsoft.Common.CurrentVersion.targets(5381,5): warning MSB3026: Could not copy "D:\231A290063_HĂ  Quang Huy_GamingGear\GamingGearBackend\obj\Debug\net10.0\apphost.exe" to "bin\Debug\net10.0\GamingGearBackend.exe". Beginning retry 4 in 1000ms. The process cannot access the file 'D:\231A290063_HĂ  Quang Huy_GamingGear\GamingGearBackend\bin\Debug\net10.0\GamingGearBackend.exe' because it is being used by another process. The file is locked by: "GamingGearBackend (11176)" [D:\231A290063_HĂ  Quang Huy_GamingGear\GamingGearBackend\GamingGearBackend.csproj]
C:\Program Files\dotnet\sdk\10.0.103\Microsoft.Common.CurrentVersion.targets(5381,5): warning MSB3026: Could not copy "D:\231A290063_HĂ  Quang Huy_GamingGear\GamingGearBackend\obj\Debug\net10.0\apphost.exe" to "bin\Debug\net10.0\GamingGearBackend.exe". Beginning retry 5 in 1000ms. The process cannot access the file 'D:\231A290063_HĂ  Quang Huy_GamingGear\GamingGearBackend\bin\Debug\net10.0\GamingGearBackend.exe' because it is being used by another process. The file is locked by: "GamingGearBackend (11176)" [D:\231A290063_HĂ  Quang Huy_GamingGear\GamingGearBackend\GamingGearBackend.csproj]
C:\Program Files\dotnet\sdk\10.0.103\Microsoft.Common.CurrentVersion.targets(5381,5): warning MSB3026: Could not copy "D:\231A290063_HĂ  Quang Huy_GamingGear\GamingGearBackend\obj\Debug\net10.0\apphost.exe" to "bin\Debug\net10.0\GamingGearBackend.exe". Beginning retry 6 in 1000ms. The process cannot access the file 'D:\231A290063_HĂ  Quang Huy_GamingGear\GamingGearBackend\bin\Debug\net10.0\GamingGearBackend.exe' because it is being used by another process. The file is locked by: "GamingGearBackend (11176)" [D:\231A290063_HĂ  Quang Huy_GamingGear\GamingGearBackend\GamingGearBackend.csproj]
C:\Program Files\dotnet\sdk\10.0.103\Microsoft.Common.CurrentVersion.targets(5381,5): warning MSB3026: Could not copy "D:\231A290063_HĂ  Quang Huy_GamingGear\GamingGearBackend\obj\Debug\net10.0\apphost.exe" to "bin\Debug\net10.0\GamingGearBackend.exe". Beginning retry 7 in 1000ms. The process cannot access the file 'D:\231A290063_HĂ  Quang Huy_GamingGear\GamingGearBackend\bin\Debug\net10.0\GamingGearBackend.exe' because it is being used by another process. The file is locked by: "GamingGearBackend (11176)" [D:\231A290063_HĂ  Quang Huy_GamingGear\GamingGearBackend\GamingGearBackend.csproj]
C:\Program Files\dotnet\sdk\10.0.103\Microsoft.Common.CurrentVersion.targets(5381,5): warning MSB3026: Could not copy "D:\231A290063_HĂ  Quang Huy_GamingGear\GamingGearBackend\obj\Debug\net10.0\apphost.exe" to "bin\Debug\net10.0\GamingGearBackend.exe". Beginning retry 8 in 1000ms. The process cannot access the file 'D:\231A290063_HĂ  Quang Huy_GamingGear\GamingGearBackend\bin\Debug\net10.0\GamingGearBackend.exe' because it is being used by another process. The file is locked by: "GamingGearBackend (11176)" [D:\231A290063_HĂ  Quang Huy_GamingGear\GamingGearBackend\GamingGearBackend.csproj]
C:\Program Files\dotnet\sdk\10.0.103\Microsoft.Common.CurrentVersion.targets(5381,5): warning MSB3026: Could not copy "D:\231A290063_HĂ  Quang Huy_GamingGear\GamingGearBackend\obj\Debug\net10.0\apphost.exe" to "bin\Debug\net10.0\GamingGearBackend.exe". Beginning retry 9 in 1000ms. The process cannot access the file 'D:\231A290063_HĂ  Quang Huy_GamingGear\GamingGearBackend\bin\Debug\net10.0\GamingGearBackend.exe' because it is being used by another process. The file is locked by: "GamingGearBackend (11176)" [D:\231A290063_HĂ  Quang Huy_GamingGear\GamingGearBackend\GamingGearBackend.csproj]
C:\Program Files\dotnet\sdk\10.0.103\Microsoft.Common.CurrentVersion.targets(5381,5): warning MSB3026: Could not copy "D:\231A290063_HĂ  Quang Huy_GamingGear\GamingGearBackend\obj\Debug\net10.0\apphost.exe" to "bin\Debug\net10.0\GamingGearBackend.exe". Beginning retry 10 in 1000ms. The process cannot access the file 'D:\231A290063_HĂ  Quang Huy_GamingGear\GamingGearBackend\bin\Debug\net10.0\GamingGearBackend.exe' because it is being used by another process. The file is locked by: "GamingGearBackend (11176)" [D:\231A290063_HĂ  Quang Huy_GamingGear\GamingGearBackend\GamingGearBackend.csproj]
C:\Program Files\dotnet\sdk\10.0.103\Microsoft.Common.CurrentVersion.targets(5381,5): error MSB3027: Could not copy "D:\231A290063_HĂ  Quang Huy_GamingGear\GamingGearBackend\obj\Debug\net10.0\apphost.exe" to "bin\Debug\net10.0\GamingGearBackend.exe". Exceeded retry count of 10. Failed. The file is locked by: "GamingGearBackend (11176)" [D:\231A290063_HĂ  Quang Huy_GamingGear\GamingGearBackend\GamingGearBackend.csproj]
C:\Program Files\dotnet\sdk\10.0.103\Microsoft.Common.CurrentVersion.targets(5381,5): error MSB3021: Unable to copy file "D:\231A290063_HĂ  Quang Huy_GamingGear\GamingGearBackend\obj\Debug\net10.0\apphost.exe" to "bin\Debug\net10.0\GamingGearBackend.exe". The process cannot access the file 'D:\231A290063_HĂ  Quang Huy_GamingGear\GamingGearBackend\bin\Debug\net10.0\GamingGearBackend.exe' because it is being used by another process. [D:\231A290063_HĂ  Quang Huy_GamingGear\GamingGearBackend\GamingGearBackend.csproj]

Build FAILED.

C:\Program Files\dotnet\sdk\10.0.103\Microsoft.Common.CurrentVersion.targets(5381,5): warning MSB3026: Could not copy "D:\231A290063_HĂ  Quang Huy_GamingGear\GamingGearBackend\obj\Debug\net10.0\apphost.exe" to "bin\Debug\net10.0\GamingGearBackend.exe". Beginning retry 1 in 1000ms. The process cannot access the file 'D:\231A290063_HĂ  Quang Huy_GamingGear\GamingGearBackend\bin\Debug\net10.0\GamingGearBackend.exe' because it is being used by another process. The file is locked by: "GamingGearBackend (11176)" [D:\231A290063_HĂ  Quang Huy_GamingGear\GamingGearBackend\GamingGearBackend.csproj]
C:\Program Files\dotnet\sdk\10.0.103\Microsoft.Common.CurrentVersion.targets(5381,5): warning MSB3026: Could not copy "D:\231A290063_HĂ  Quang Huy_GamingGear\GamingGearBackend\obj\Debug\net10.0\apphost.exe" to "bin\Debug\net10.0\GamingGearBackend.exe". Beginning retry 2 in 1000ms. The process cannot access the file 'D:\231A290063_HĂ  Quang Huy_GamingGear\GamingGearBackend\bin\Debug\net10.0\GamingGearBackend.exe' because it is being used by another process. The file is locked by: "GamingGearBackend (11176)" [D:\231A290063_HĂ  Quang Huy_GamingGear\GamingGearBackend\GamingGearBackend.csproj]
C:\Program Files\dotnet\sdk\10.0.103\Microsoft.Common.CurrentVersion.targets(5381,5): warning MSB3026: Could not copy "D:\231A290063_HĂ  Quang Huy_GamingGear\GamingGearBackend\obj\Debug\net10.0\apphost.exe" to "bin\Debug\net10.0\GamingGearBackend.exe". Beginning retry 3 in 1000ms. The process cannot access the file 'D:\231A290063_HĂ  Quang Huy_GamingGear\GamingGearBackend\bin\Debug\net10.0\GamingGearBackend.exe' because it is being used by another process. The file is locked by: "GamingGearBackend (11176)" [D:\231A290063_HĂ  Quang Huy_GamingGear\GamingGearBackend\GamingGearBackend.csproj]
C:\Program Files\dotnet\sdk\10.0.103\Microsoft.Common.CurrentVersion.targets(5381,5): warning MSB3026: Could not copy "D:\231A290063_HĂ  Quang Huy_GamingGear\GamingGearBackend\obj\Debug\net10.0\apphost.exe" to "bin\Debug\net10.0\GamingGearBackend.exe". Beginning retry 4 in 1000ms. The process cannot access the file 'D:\231A290063_HĂ  Quang Huy_GamingGear\GamingGearBackend\bin\Debug\net10.0\GamingGearBackend.exe' because it is being used by another process. The file is locked by: "GamingGearBackend (11176)" [D:\231A290063_HĂ  Quang Huy_GamingGear\GamingGearBackend\GamingGearBackend.csproj]
C:\Program Files\dotnet\sdk\10.0.103\Microsoft.Common.CurrentVersion.targets(5381,5): warning MSB3026: Could not copy "D:\231A290063_HĂ  Quang Huy_GamingGear\GamingGearBackend\obj\Debug\net10.0\apphost.exe" to "bin\Debug\net10.0\GamingGearBackend.exe". Beginning retry 5 in 1000ms. The process cannot access the file 'D:\231A290063_HĂ  Quang Huy_GamingGear\GamingGearBackend\bin\Debug\net10.0\GamingGearBackend.exe' because it is being used by another process. The file is locked by: "GamingGearBackend (11176)" [D:\231A290063_HĂ  Quang Huy_GamingGear\GamingGearBackend\GamingGearBackend.csproj]
C:\Program Files\dotnet\sdk\10.0.103\Microsoft.Common.CurrentVersion.targets(5381,5): warning MSB3026: Could not copy "D:\231A290063_HĂ  Quang Huy_GamingGear\GamingGearBackend\obj\Debug\net10.0\apphost.exe" to "bin\Debug\net10.0\GamingGearBackend.exe". Beginning retry 6 in 1000ms. The process cannot access the file 'D:\231A290063_HĂ  Quang Huy_GamingGear\GamingGearBackend\bin\Debug\net10.0\GamingGearBackend.exe' because it is being used by another process. The file is locked by: "GamingGearBackend (11176)" [D:\231A290063_HĂ  Quang Huy_GamingGear\GamingGearBackend\GamingGearBackend.csproj]
C:\Program Files\dotnet\sdk\10.0.103\Microsoft.Common.CurrentVersion.targets(5381,5): warning MSB3026: Could not copy "D:\231A290063_HĂ  Quang Huy_GamingGear\GamingGearBackend\obj\Debug\net10.0\apphost.exe" to "bin\Debug\net10.0\GamingGearBackend.exe". Beginning retry 7 in 1000ms. The process cannot access the file 'D:\231A290063_HĂ  Quang Huy_GamingGear\GamingGearBackend\bin\Debug\net10.0\GamingGearBackend.exe' because it is being used by another process. The file is locked by: "GamingGearBackend (11176)" [D:\231A290063_HĂ  Quang Huy_GamingGear\GamingGearBackend\GamingGearBackend.csproj]
C:\Program Files\dotnet\sdk\10.0.103\Microsoft.Common.CurrentVersion.targets(5381,5): warning MSB3026: Could not copy "D:\231A290063_HĂ  Quang Huy_GamingGear\GamingGearBackend\obj\Debug\net10.0\apphost.exe" to "bin\Debug\net10.0\GamingGearBackend.exe". Beginning retry 8 in 1000ms. The process cannot access the file 'D:\231A290063_HĂ  Quang Huy_GamingGear\GamingGearBackend\bin\Debug\net10.0\GamingGearBackend.exe' because it is being used by another process. The file is locked by: "GamingGearBackend (11176)" [D:\231A290063_HĂ  Quang Huy_GamingGear\GamingGearBackend\GamingGearBackend.csproj]
C:\Program Files\dotnet\sdk\10.0.103\Microsoft.Common.CurrentVersion.targets(5381,5): warning MSB3026: Could not copy "D:\231A290063_HĂ  Quang Huy_GamingGear\GamingGearBackend\obj\Debug\net10.0\apphost.exe" to "bin\Debug\net10.0\GamingGearBackend.exe". Beginning retry 9 in 1000ms. The process cannot access the file 'D:\231A290063_HĂ  Quang Huy_GamingGear\GamingGearBackend\bin\Debug\net10.0\GamingGearBackend.exe' because it is being used by another process. The file is locked by: "GamingGearBackend (11176)" [D:\231A290063_HĂ  Quang Huy_GamingGear\GamingGearBackend\GamingGearBackend.csproj]
C:\Program Files\dotnet\sdk\10.0.103\Microsoft.Common.CurrentVersion.targets(5381,5): warning MSB3026: Could not copy "D:\231A290063_HĂ  Quang Huy_GamingGear\GamingGearBackend\obj\Debug\net10.0\apphost.exe" to "bin\Debug\net10.0\GamingGearBackend.exe". Beginning retry 10 in 1000ms. The process cannot access the file 'D:\231A290063_HĂ  Quang Huy_GamingGear\GamingGearBackend\bin\Debug\net10.0\GamingGearBackend.exe' because it is being used by another process. The file is locked by: "GamingGearBackend (11176)" [D:\231A290063_HĂ  Quang Huy_GamingGear\GamingGearBackend\GamingGearBackend.csproj]
C:\Program Files\dotnet\sdk\10.0.103\Microsoft.Common.CurrentVersion.targets(5381,5): error MSB3027: Could not copy "D:\231A290063_HĂ  Quang Huy_GamingGear\GamingGearBackend\obj\Debug\net10.0\apphost.exe" to "bin\Debug\net10.0\GamingGearBackend.exe". Exceeded retry count of 10. Failed. The file is locked by: "GamingGearBackend (11176)" [D:\231A290063_HĂ  Quang Huy_GamingGear\GamingGearBackend\GamingGearBackend.csproj]
C:\Program Files\dotnet\sdk\10.0.103\Microsoft.Common.CurrentVersion.targets(5381,5): error MSB3021: Unable to copy file "D:\231A290063_HĂ  Quang Huy_GamingGear\GamingGearBackend\obj\Debug\net10.0\apphost.exe" to "bin\Debug\net10.0\GamingGearBackend.exe". The process cannot access the file 'D:\231A290063_HĂ  Quang Huy_GamingGear\GamingGearBackend\bin\Debug\net10.0\GamingGearBackend.exe' because it is being used by another process. [D:\231A290063_HĂ  Quang Huy_GamingGear\GamingGearBackend\GamingGearBackend.csproj]
    10 Warning(s)
    2 Error(s)

Time Elapsed 00:00:13.17
