   1:7>C:\Program Files\dotnet\sdk\10.0.103\Microsoft.Common.CurrentVersion.targets(5381,5): error MSB3027: Could not copy "D:\TLCK_WebNC\GamingGearBackend\obj\Debug\net10.0\apphost.exe" to "bin\Debug\net10.0\GamingGearBackend.exe". Exceeded retry count of 10. Failed. The file is locked by: "GamingGearBackend (38824)" [D:\TLCK_WebNC\GamingGearBackend\GamingGearBackend.csproj]
   1:7>C:\Program Files\dotnet\sdk\10.0.103\Microsoft.Common.CurrentVersion.targets(5381,5): error MSB3021: Unable to copy file "D:\TLCK_WebNC\GamingGearBackend\obj\Debug\net10.0\apphost.exe" to "bin\Debug\net10.0\GamingGearBackend.exe". The process cannot access the file 'D:\TLCK_WebNC\GamingGearBackend\bin\Debug\net10.0\GamingGearBackend.exe' because it is being used by another process. [D:\TLCK_WebNC\GamingGearBackend\GamingGearBackend.csproj]
